// Vitest Snapshot v1, https://vitest.dev/guide/snapshot.html

exports[`SocialLinks.svelte > mounts 1`] = `"<div><a data-testid=\\"link-linkedin\\" href=\\"https://www.linkedin.com/in/julio-contreras-6579b623/\\"><img src=\\"./assets/svg/linkedin.svg\\" width=\\"39\\" alt=\\"Linkedin\\"></a> <a data-testid=\\"link-github\\" href=\\"https://github.com/julioacontreras\\"><img src=\\"./assets/svg/github.svg\\" width=\\"39\\" alt=\\"Github\\"></a> <a data-testid=\\"link-medium\\" href=\\"https://medium.com/@julio.aranis.contreras\\"><img src=\\"./assets/svg/medium.svg\\" width=\\"39\\" alt=\\"Medium\\"></a></div>"`;
